Command line invocation:
    /Applications/Xcode.app/Contents/Developer/usr/bin/xcodebuild -project "StillView - Simple Image Viewer.xcodeproj" -scheme "StillView - Simple Image Viewer" build

2025-08-11 21:39:04.304 xcodebuild[23576:5386580]  DVTProvisioningProfileManager: Failed to load profile "/Users/vinnycarpenter/Library/MobileDevice/Provisioning Profiles/AppleWWDRCA.cer" (Error Domain=DVTProvisioningProfileSourceErrorDomain Code=0 "No provisioning profile provider found for profile "/Users/vinnycarpenter/Library/MobileDevice/Provisioning Profiles/AppleWWDRCA.cer"." UserInfo={NSLocalizedDescription=No provisioning profile provider found for profile "/Users/vinnycarpenter/Library/MobileDevice/Provisioning Profiles/AppleWWDRCA.cer".})
--- xcodebuild: WARNING: Using the first of multiple matching destinations:
{ platform:macOS, arch:arm64, id:00006040-001A48423C20801C, name:My Mac }
{ platform:macOS, arch:x86_64, id:00006040-001A48423C20801C, name:My Mac }
{ platform:macOS, name:Any Mac }
ComputePackagePrebuildTargetDependencyGraph

Prepare packages

CreateBuildRequest

SendProjectDescription

CreateBuildOperation

ComputeTargetDependencyGraph
note: Building targets in dependency order
note: Target dependency graph (1 target)
    Target 'StillView - Simple Image Viewer' in project 'StillView - Simple Image Viewer' (no dependencies)

GatherProvisioningInputs

CreateBuildDescription

ClangStatCache /Applications/Xcode.app/Contents/Developer/Toolchains/XcodeDefault.xctoolchain/usr/bin/clang-stat-cache /Applications/Xcode.app/Contents/Developer/Platforms/MacOSX.platform/Developer/SDKs/MacOSX15.5.sdk /Users/vinnycarpenter/Library/Developer/Xcode/DerivedData/SDKStatCaches.noindex/macosx15.5-24F74-8254517eb8b97d462ccbc072ba9094c9.sdkstatcache
    cd /Users/vinnycarpenter/Projects/SimpleImageViewer/StillView\ -\ Simple\ Image\ Viewer.xcodeproj
    /Applications/Xcode.app/Contents/Developer/Toolchains/XcodeDefault.xctoolchain/usr/bin/clang-stat-cache /Applications/Xcode.app/Contents/Developer/Platforms/MacOSX.platform/Developer/SDKs/MacOSX15.5.sdk -o /Users/vinnycarpenter/Library/Developer/Xcode/DerivedData/SDKStatCaches.noindex/macosx15.5-24F74-8254517eb8b97d462ccbc072ba9094c9.sdkstatcache

** BUILD SUCCEEDED **

